// Jest Snapshot v1, https://goo.gl/fbAQLP

exports[`NonfungiblePositionManager #burn gas 1`] = `66054`;

exports[`NonfungiblePositionManager #collect gas transfers both 1`] = `135619`;

exports[`NonfungiblePositionManager #collect gas transfers token0 only 1`] = `126359`;

exports[`NonfungiblePositionManager #collect gas transfers token1 only 1`] = `126566`;

exports[`NonfungiblePositionManager #decreaseLiquidity gas complete decrease 1`] = `169940`;

exports[`NonfungiblePositionManager #decreaseLiquidity gas partial decrease 1`] = `170704`;

exports[`NonfungiblePositionManager #increaseLiquidity gas 1`] = `199133`;

exports[`NonfungiblePositionManager #mint gas first mint for pool 1`] = `617357`;

exports[`NonfungiblePositionManager #mint gas first mint for pool using eth with non-zero refund 1`] = `622795`;

exports[`NonfungiblePositionManager #mint gas first mint for pool using eth with zero refund 1`] = `615576`;

exports[`NonfungiblePositionManager #mint gas mint for same pool, different ticks 1`] = `466858`;

exports[`NonfungiblePositionManager #mint gas mint on same ticks 1`] = `357409`;

exports[`NonfungiblePositionManager #permit owned by eoa gas 1`] = `64511`;

exports[`NonfungiblePositionManager #permit owned by verifying contract gas 1`] = `68398`;

exports[`NonfungiblePositionManager #positions gas 1`] = `19977`;

exports[`NonfungiblePositionManager #transferFrom gas 1`] = `109774`;

exports[`NonfungiblePositionManager #transferFrom gas comes from approved 1`] = `108380`;

exports[`NonfungiblePositionManager multicall exit gas 1`] = `252440`;
