// Jest Snapshot v1, https://goo.gl/fbAQLP

exports[`PositionValue #fees when price is above the position range gas 1`] = `63035`;

exports[`PositionValue #fees when price is below the position range gas 1`] = `63003`;

exports[`PositionValue #fees when price is within the position range gas 1`] = `69065`;

exports[`PositionValue #principal gas 1`] = `23307`;

exports[`PositionValue #total gas 1`] = `75932`;
