// Jest Snapshot v1, https://goo.gl/fbAQLP

exports[`SwapRouter gas tests #exactInput 0 -> 1 -> 2 1`] = `226502`;

exports[`SwapRouter gas tests #exactInput 0 -> 1 1`] = `142740`;

exports[`SwapRouter gas tests #exactInput 0 -> 1 minimal 1`] = `130514`;

exports[`SwapRouter gas tests #exactInput 0 -> WETH9 1`] = `162965`;

exports[`SwapRouter gas tests #exactInput 2 trades (via router) 1`] = `243542`;

exports[`SwapRouter gas tests #exactInput 3 trades (directly to sender) 1`] = `332327`;

exports[`SwapRouter gas tests #exactInput WETH9 -> 0 1`] = `140789`;

exports[`SwapRouter gas tests #exactInputSingle 0 -> 1 1`] = `142190`;

exports[`SwapRouter gas tests #exactInputSingle 0 -> WETH9 1`] = `162409`;

exports[`SwapRouter gas tests #exactInputSingle WETH9 -> 0 1`] = `140239`;

exports[`SwapRouter gas tests #exactOutput 0 -> 1 -> 2 1`] = `223120`;

exports[`SwapRouter gas tests #exactOutput 0 -> 1 1`] = `146754`;

exports[`SwapRouter gas tests #exactOutput 0 -> WETH9 1`] = `164193`;

exports[`SwapRouter gas tests #exactOutput WETH9 -> 0 1`] = `154835`;

exports[`SwapRouter gas tests #exactOutputSingle 0 -> 1 1`] = `146988`;

exports[`SwapRouter gas tests #exactOutputSingle 0 -> WETH9 1`] = `164427`;

exports[`SwapRouter gas tests #exactOutputSingle WETH9 -> 0 1`] = `149607`;

exports[`SwapRouter gas tests 3 trades (directly to sender) 1`] = `233646`;
