// Jest Snapshot v1, https://goo.gl/fbAQLP

exports[`CLPool gas tests fee is off #burn above current price burn entire position after some time passes 1`] = `107042`;

exports[`CLPool gas tests fee is off #burn above current price burn when only position using ticks 1`] = `107042`;

exports[`CLPool gas tests fee is off #burn above current price entire position burn but other positions are using the ticks 1`] = `98166`;

exports[`CLPool gas tests fee is off #burn above current price partial position burn 1`] = `102966`;

exports[`CLPool gas tests fee is off #burn around current price burn entire position after some time passes 1`] = `124337`;

exports[`CLPool gas tests fee is off #burn around current price burn when only position using ticks 1`] = `119211`;

exports[`CLPool gas tests fee is off #burn around current price entire position burn but other positions are using the ticks 1`] = `102977`;

exports[`CLPool gas tests fee is off #burn around current price partial position burn 1`] = `107777`;

exports[`CLPool gas tests fee is off #burn below current price burn entire position after some time passes 1`] = `116500`;

exports[`CLPool gas tests fee is off #burn below current price burn when only position using ticks 1`] = `116500`;

exports[`CLPool gas tests fee is off #burn below current price entire position burn but other positions are using the ticks 1`] = `98789`;

exports[`CLPool gas tests fee is off #burn below current price partial position burn 1`] = `103589`;

exports[`CLPool gas tests fee is off #collect close to worst case 1`] = `50991`;

exports[`CLPool gas tests fee is off #increaseObservationCardinalityNext grow by 1 slot 1`] = `53713`;

exports[`CLPool gas tests fee is off #increaseObservationCardinalityNext no op 1`] = `27292`;

exports[`CLPool gas tests fee is off #mint above current price add to position after some time passes 1`] = `117151`;

exports[`CLPool gas tests fee is off #mint above current price add to position existing 1`] = `117151`;

exports[`CLPool gas tests fee is off #mint above current price new position mint first in range 1`] = `238117`;

exports[`CLPool gas tests fee is off #mint above current price second position in same range 1`] = `134251`;

exports[`CLPool gas tests fee is off #mint around current price add to position after some time passes 1`] = `158189`;

exports[`CLPool gas tests fee is off #mint around current price add to position existing 1`] = `148979`;

exports[`CLPool gas tests fee is off #mint around current price new position mint first in range 1`] = `341638`;

exports[`CLPool gas tests fee is off #mint around current price second position in same range 1`] = `166079`;

exports[`CLPool gas tests fee is off #mint below current price add to position after some time passes 1`] = `117813`;

exports[`CLPool gas tests fee is off #mint below current price add to position existing 1`] = `117813`;

exports[`CLPool gas tests fee is off #mint below current price new position mint first in range 1`] = `319945`;

exports[`CLPool gas tests fee is off #mint below current price second position in same range 1`] = `134913`;

exports[`CLPool gas tests fee is off #poke best case 1`] = `56854`;

exports[`CLPool gas tests fee is off #snapshotCumulativesInside tick above 1`] = `32485`;

exports[`CLPool gas tests fee is off #snapshotCumulativesInside tick below 1`] = `32447`;

exports[`CLPool gas tests fee is off #snapshotCumulativesInside tick inside 1`] = `39965`;

exports[`CLPool gas tests fee is off #swapExact0For1 first swap in block moves tick, no initialized crossings 1`] = `149610`;

exports[`CLPool gas tests fee is off #swapExact0For1 first swap in block with no tick movement 1`] = `129884`;

exports[`CLPool gas tests fee is off #swapExact0For1 first swap in block, large swap crossing a single initialized tick 1`] = `191174`;

exports[`CLPool gas tests fee is off #swapExact0For1 first swap in block, large swap crossing several initialized ticks 1`] = `271048`;

exports[`CLPool gas tests fee is off #swapExact0For1 first swap in block, large swap, no initialized crossings 1`] = `171908`;

exports[`CLPool gas tests fee is off #swapExact0For1 large swap crossing several initialized ticks after some time passes 1`] = `271048`;

exports[`CLPool gas tests fee is off #swapExact0For1 large swap crossing several initialized ticks second time after some time passes 1`] = `290248`;

exports[`CLPool gas tests fee is off #swapExact0For1 second swap in block moves tick, no initialized crossings 1`] = `149610`;

exports[`CLPool gas tests fee is off #swapExact0For1 second swap in block with no tick movement 1`] = `129995`;

exports[`CLPool gas tests fee is off #swapExact0For1 second swap in block, large swap crossing a single initialized tick 1`] = `173884`;

exports[`CLPool gas tests fee is off #swapExact0For1 second swap in block, large swap crossing several initialized ticks 1`] = `253736`;
